// Vitest Snapshot v1, https://vitest.dev/guide/snapshot.html

exports[`code surface stability > AC-9: the code-to-message registry is unchanged entry for entry 1`] = `
{
  "ALLERGEN_GRANULARITY_SUSPECT": "Allergen appears coded at product level where an ingredient-level concept is expected; granularity flagged.",
  "CODE_NARRATIVE_MISMATCH": "A coded value and its referenced narrative disagree; both preserved, no winner chosen.",
  "CONTRADICTORY_NULL_FLAVOR": "The element declares a nullFlavor and asserts a value at the same time; the document contradicts itself, so the value is preserved verbatim but never read as the field's value.",
  "DEPRECATED_CODE_SYSTEM": "The code system OID is deprecated for this slot; prefer its modern successor. Value preserved.",
  "DEPRECATED_LOINC": "The observation's LOINC code is deprecated; prefer its current successor. Code preserved.",
  "ENCODING_BOM_STRIPPED": "A UTF-8 byte-order mark was stripped from the head of the input.",
  "FREE_TEXT_REFERENCE_RANGE": "Reference range is free text, not a structured low/high interval; preserved as text, not numerically comparable.",
  "IMMUNIZATION_REFUSED": "Immunization activity carries negationInd="true" (vaccine not administered / refused); modeled as refused, never as given.",
  "INVALID_NULL_FLAVOR": "The nullFlavor token is not in the HL7 v3 NullFlavor code system; preserved verbatim.",
  "MALFORMED_DATETIME": "Value does not match the HL7 v3 TS datetime shape; raw preserved, parsed date left undefined.",
  "MEDICATION_PRODUCT_ARM_CONFLICT": "manufacturedProduct carries arms (manufacturedMaterial / manufacturedLabeledDrug, including repeated ones) whose codings name different products, counting each arm's <translation> alternates: they share no coding, or, where both arms name their product only through translations, each also names a coding the other does not and two of those are in the same code system under different symbols. The document contradicts itself and nothing in it ranks the arms, so no product code is selected (every arm survives serialization verbatim).",
  "MEDICATION_PRODUCT_ARM_REPEATED": "manufacturedProduct carries more than one arm of the same kind (manufacturedMaterial or manufacturedLabeledDrug), which CDA R2 models as a choice of one participant; the repeat is reported rather than absorbed, and whether the repeated arms agree is answered separately by MEDICATION_PRODUCT_ARM_CONFLICT.",
  "MEDICATION_PRODUCT_ARM_UNEXPECTED": "manufacturedProduct carries the manufacturedLabeledDrug arm, which C-CDA's medication templates are not written around; the arm is flagged, and unless a companion warning says the product was withheld (MEDICATION_PRODUCT_ARM_CONFLICT), absent (MISSING_PRODUCT_CODE) or unnamed (MISSING_CODE_VALUE) the product code was read and checked as usual.",
  "MEDICATION_PRODUCT_CODE_REPEATED": "The product arm at this position carries more than one <code>, which CDA R2 models as at most one per arm; the repeat is reported rather than absorbed, every <code> on the arm is compared, and whether they agree is answered separately by MEDICATION_PRODUCT_ARM_CONFLICT. No <code> after the first on an arm is ever selected as the product.",
  "MEDICATION_PRODUCT_CODE_TRANSLATION_ONLY": "No manufacturedProduct arm's lead <code> asserts a primary @code, and the product is named in a <translation> alternate at this position; selection reads each arm's lead <code> only, and translations are preserved and re-serialized but are never slot-checked, so no product code is selected.",
  "MISSING_ASSIGNING_AUTHORITY": "Patient identifier has a root OID but no assigningAuthorityName.",
  "MISSING_CODE_SYSTEM": "The coded value has a @code but no @codeSystem, so the symbol names no terminology; value preserved verbatim, system never inferred, and terminology validation is impossible for it.",
  "MISSING_CODE_VALUE": "The coded value is present but asserts no @code and no @nullFlavor, so nothing distinguishes an absent concept from a lost one; value preserved verbatim, no code inferred.",
  "MISSING_DOSE_QUANTITY": "Medication activity has no doseQuantity; dose preserved as absent, never defaulted.",
  "MISSING_PLANNED_MEDICATION_EFFECTIVE_TIME": "A Planned Medication Activity was just written with no effectiveTime, which the template makes a SHALL (exactly one, CONF:1098-30468): the caller supplied none and this library never fabricates a date, so the act is emitted short that element and says nothing about when the drug is to be given. Only content the emitting call itself wrote is checked, so the absence of this warning says nothing about sections that call did not write.",
  "MISSING_PRODUCT_CODE": "Substance administration has no coded product on any manufacturedProduct arm the parser reads; the product is preserved as absent, never inferred from narrative or from the entry's other fields.",
  "MISSING_ROUTE_CODE": "Medication activity has no routeCode; route preserved as absent, never defaulted.",
  "MISSING_SELF_CARE_ACTIVITY": "A Functional Status Organizer was asked for with no Self-Care Activities (ADL and IADL) observation, which its template SHALL contain at least one of (CONF:1098-31432): this library never fabricates an assessment nobody performed and never claims a template a document does not satisfy, so the organizer was not written and its findings were written as standalone Functional Status Observations instead. Every finding is in the document and reads back unchanged; the grouping, its categorization code and its effectiveTime are not. Supply at least one self-care activity to have the organizer written.",
  "MISSING_TEMPLATE_ID": "The element carries no templateId; recognition fell back to other signals.",
  "MISSING_UNIT_ON_PQ": "Physical-quantity value has a numeric value but no @unit; preserved as dimensionless, never defaulted.",
  "MULTIPLE_EFFECTIVE_TIMES_UNRESOLVED": "The medication carries effectiveTime siblings that could not be classified as duration vs frequency; all preserved.",
  "MULTIPLE_RECORD_TARGETS": "ClinicalDocument carries more than one recordTarget element; getPatient() resolves the first and header.recordTargets carries them all.",
  "NARRATIVE_REFERENCE_BROKEN": "The narrative reference does not resolve to any ID in the section narrative.",
  "NEGATION_VS_NULLFLAVOR_AMBIGUOUS": "Act carries both negationInd="true" and a nullFlavor; modeled as distinct fields, not collapsed.",
  "NON_UCUM_UNIT": "The @unit is not a well-formed UCUM unit; unit and value preserved verbatim, never normalized.",
  "PLANNED_VS_PERFORMED_AMBIGUOUS": "Procedure entry has no moodCode; performed (EVN) vs planned (INT) is ambiguous, never conflated, left unclassified.",
  "PLAN_ENTRY_NOT_MODELED": "An entry template the Plan of Treatment reading admits was found where planned items are read (a section entry, or an act nested in a Planned Intervention Act); this parser recognizes it but does not model it as a planned item, so it is excluded from getPlannedItems(), reaches no other model field, and survives only in the re-serialized document.",
  "PROBLEM_STATUS_INDETERMINATE": "Problem concern statusCode is missing or unrecognized; active/resolved state is indeterminate.",
  "PROCEDURE_MOOD_UNEXPECTED": "The procedure's moodCode is neither a performed (EVN) nor a recognized planned mood; extracted but unclassified.",
  "PROFILE_QUIRK_APPLIED": "An active profile expected this deviation and downgraded it; the deviation's own code is on \`toleratedCode\`, the tolerating profile on \`profile\`, and \`expected\` is set.",
  "REQUIRED_SECTIONS_NOT_EVALUATED": "The document type's required-section (SHALL) obligations were not evaluated: the templateId that resolved the type names a C-CDA release this library does not model, and the R2.1-scoped tables here do not reach it. No REQUIRED_SECTION_MISSING is reported for this document, and the absence of one says nothing about which sections it carries.",
  "REQUIRED_SECTION_MISSING": "The document type requires a section (SHALL) that was not found; parsed without it. missingRequiredSections() names the full set.",
  "RESULT_VALUE_TYPE_UNHANDLED": "The observation value's xsi:type is not specialized; raw value preserved as unsupported.",
  "SECTION_MATCHED_BY_LOINC_FALLBACK": "Section identified by its LOINC code fallback (no recognized templateId present).",
  "SECTION_PLACEMENT_SUSPECT": "An entry template was found in a section it does not belong to; extracted but flagged.",
  "SEMANTIC_CODE_INVALID": "The supplied terminology adapter reports the code is not a valid member of its system; code preserved verbatim, never coerced.",
  "SMOKING_STATUS_CODE_UNRECOGNIZED": "The smoking status code is not in the recognized Smoking Status value set; preserved verbatim.",
  "SMOKING_STATUS_UNKNOWN": "Smoking status is recorded as unknown (nullFlavor or an "unknown" SNOMED concept); preserved, flagged as unknown.",
  "SUBJECT_CONTEXT_OVERRIDE": "A subject declaration governs clinical content here. CDA R2 makes a subject the primary target of the statements it governs, so the content it governs is not the document's record target's own; it is withheld from every read path that promises the record target's data rather than attributed to that patient, and it survives unchanged in the re-serialized document. What the declaration names is never compared with the record target.",
  "TEMPLATE_EXTENSION_ABSENT": "The recognized templateId carries no @extension version stamp; matched by root alone (may pre-date R2.1).",
  "TEMPLATE_EXTENSION_UNMODELED_RELEASE": "The recognized templateId carries an @extension version stamp this library does not model; these conformance tables target C-CDA R2.1, so the document is parsed leniently, nothing is refused, and no R2.1-scoped required-section claim is made about it.",
  "UCUM_CASE_SUSPECT": "The @unit looks like a letter-case slip of a canonical UCUM unit; value preserved, review the casing.",
  "UNEXPECTED_CODE_SYSTEM": "The code system OID is not expected for this slot; value preserved.",
  "UNIDENTIFIED_AUTHOR": "An author participation carries neither an assignedPerson nor an assignedAuthoringDevice, so nothing in it names who authored the content; the participation is surfaced as present and marked unidentified, it is never omitted from the header or from a reading inherited from it, and no identity is inferred for it from any other participation.",
  "UNKNOWN_DOCUMENT_TEMPLATE": "The root templateId set names no recognized C-CDA R2.1 document type; parsed as a generic ClinicalDocument.",
  "UNKNOWN_NAMESPACE_PREFIX": "An element outside the recognized v3/xsi/sdtc namespaces, or in no namespace at all, was found; the node is retained and reported once per distinct namespace.",
  "UNKNOWN_SECTION_CODE": "The section's LOINC code is not a recognized C-CDA section; retained as narrative-only.",
  "VALUE_SET_BINDING_NOT_EVALUATED": "The supplied value-set source holds no expansion for the value set C-CDA R2.1 binds this slot to, so membership was not evaluated: no non-membership is reported here and this silence says nothing about whether the code is a member. The bound value set's OID is on \`valueSet\` and the answering package's release on \`valueSetRelease\`.",
  "VALUE_SET_BINDING_VIOLATED": "The supplied value-set source reports the code is not a member of the value set C-CDA R2.1 binds this slot to with a Required (SHALL) binding, which makes it a conformance violation rather than a preference; code preserved verbatim, never coerced. The bound value set's OID is on \`valueSet\` and the release it was checked against on \`valueSetRelease\`, because any valid expansion of a value set is conformant and the verdict is only ever about the expansion that answered.",
}
`;
